// Jest Snapshot v1, https://goo.gl/fbAQLP

exports[`NotesContainer should match snapshot 1`] = `
Object {
  "$$typeof": Symbol(react.memo),
  "WrappedComponent": [Function],
  "compare": null,
  "displayName": "Connect(NotesContainer)",
  "type": [Function],
}
`;
