// Jest Snapshot v1, https://goo.gl/fbAQLP

exports[`NoteForm should render correctly 1`] = `undefined`;
